{
  "exclude": {
    "files": "^.secrets.baseline$",
    "lines": null
  },
  "generated_at": "2025-06-17T18:51:16Z",
  "plugins_used": [
    {
      "name": "AWSKeyDetector"
    },
    {
      "name": "ArtifactoryDetector"
    },
    {
      "name": "AzureStorageKeyDetector"
    },
    {
      "base64_limit": 4.5,
      "name": "Base64HighEntropyString"
    },
    {
      "name": "BasicAuthDetector"
    },
    {
      "name": "BoxDetector"
    },
    {
      "name": "CloudantDetector"
    },
    {
      "ghe_instance": "github.ibm.com",
      "name": "GheDetector"
    },
    {
      "name": "GitHubTokenDetector"
    },
    {
      "hex_limit": 3,
      "name": "HexHighEntropyString"
    },
    {
      "name": "IbmCloudIamDetector"
    },
    {
      "name": "IbmCosHmacDetector"
    },
    {
      "name": "JwtTokenDetector"
    },
    {
      "keyword_exclude": null,
      "name": "KeywordDetector"
    },
    {
      "name": "MailchimpDetector"
    },
    {
      "name": "NpmDetector"
    },
    {
      "name": "PrivateKeyDetector"
    },
    {
      "name": "SlackDetector"
    },
    {
      "name": "SoftlayerDetector"
    },
    {
      "name": "SquareOAuthDetector"
    },
    {
      "name": "StripeDetector"
    },
    {
      "name": "TwilioKeyDetector"
    }
  ],
  "results": {
    "examples/evaluations/analysis/messages/data3.messages.analyze.json": [
      {
        "hashed_secret": "56dc7264b0f1ab7346c88618f261710c38141997",
        "is_secret": false,
        "is_verified": false,
        "line_number": 95,
        "type": "Hex High Entropy String",
        "verified_result": null
      },
      {
        "hashed_secret": "a03db033f14db1c07b3b8040385932fd5fd7e67e",
        "is_secret": false,
        "is_verified": false,
        "line_number": 181,
        "type": "Hex High Entropy String",
        "verified_result": null
      }
    ],
    "examples/evaluations/analysis/messages/data3.messages.json": [
      {
        "hashed_secret": "56dc7264b0f1ab7346c88618f261710c38141997",
        "is_secret": false,
        "is_verified": false,
        "line_number": 67,
        "type": "Hex High Entropy String",
        "verified_result": null
      },
      {
        "hashed_secret": "a03db033f14db1c07b3b8040385932fd5fd7e67e",
        "is_secret": false,
        "is_verified": false,
        "line_number": 67,
        "type": "Hex High Entropy String",
        "verified_result": null
      }
    ],
    "src/ibm_watsonx_orchestrate/agent_builder/connections/types.py": [
      {
        "hashed_secret": "8bb6cdbaa37c97def4ec2867f818a52aace03207",
        "is_secret": false,
        "is_verified": false,
        "line_number": 37,
        "type": "Secret Keyword",
        "verified_result": null
      },
      {
        "hashed_secret": "4a591a81c908057f45cea3559a2a9f4b8ad386f6",
        "is_secret": false,
        "is_verified": false,
        "line_number": 38,
        "type": "Secret Keyword",
        "verified_result": null
      },
      {
        "hashed_secret": "e21c39c1e9a0e47d9c0c45df0505aa51620ab1ee",
        "is_secret": false,
        "is_verified": false,
        "line_number": 48,
        "type": "Secret Keyword",
        "verified_result": null
      },
      {
        "hashed_secret": "fd9f3e3149a1d4ee98bba4961101dbc2d1ca903f",
        "is_secret": false,
        "is_verified": false,
        "line_number": 50,
        "type": "Secret Keyword",
        "verified_result": null
      }
    ],
    "src/ibm_watsonx_orchestrate/cli/config.py": [
      {
        "hashed_secret": "66a36e77fd002579809717841f998f4d21cd5913",
        "is_secret": false,
        "is_verified": false,
        "line_number": 92,
        "type": "Secret Keyword",
        "verified_result": null
      }
    ],
    "src/ibm_watsonx_orchestrate/client/client.py": [
      {
        "hashed_secret": "89a519cc7786f3290ad671412d92f325f9ef2a57",
        "is_secret": false,
        "is_verified": false,
        "line_number": 33,
        "type": "Secret Keyword",
        "verified_result": null
      }
    ],
    "src/ibm_watsonx_orchestrate/client/credentials.py": [
      {
        "hashed_secret": "89a519cc7786f3290ad671412d92f325f9ef2a57",
        "is_secret": false,
        "is_verified": false,
        "line_number": 108,
        "type": "Secret Keyword",
        "verified_result": null
      }
    ],
    "src/ibm_watsonx_orchestrate/client/local_service_instance.py": [
      {
        "hashed_secret": "7e341858317ceed868cae198de878e00187e3cf0",
        "is_secret": false,
        "is_verified": false,
        "line_number": 14,
        "type": "Secret Keyword",
        "verified_result": null
      }
    ],
    "src/ibm_watsonx_orchestrate/docker/compose-lite.yml": [
      {
        "hashed_secret": "536eab60de9d1c1046f9b18b08bc10a9dce2f627",
        "is_secret": false,
        "is_verified": false,
        "line_number": 155,
        "type": "Secret Keyword",
        "verified_result": null
      },
      {
        "hashed_secret": "e6f1e9eba4122e87c1fac3540d6dd0d984f3400f",
        "is_secret": false,
        "is_verified": false,
        "line_number": 254,
        "type": "Secret Keyword",
        "verified_result": null
      },
      {
        "hashed_secret": "afd84dd061397dc95c97dfc6423b4d9f6498fb18",
        "is_secret": false,
        "is_verified": false,
        "line_number": 406,
        "type": "Secret Keyword",
        "verified_result": null
      },
      {
        "hashed_secret": "86db9d41639d6b37c1dd9f8425ccb43c8e5cdc1e",
        "is_secret": false,
        "is_verified": false,
        "line_number": 506,
        "type": "Secret Keyword",
        "verified_result": null
      },
      {
        "hashed_secret": "a4e59d8ec0a2fc63fb4044f4a287b78c0ded6a1a",
        "is_secret": false,
        "is_verified": false,
        "line_number": 507,
        "type": "Secret Keyword",
        "verified_result": null
      },
      {
        "hashed_secret": "0a39f2b70b172ce11f8d91a3741fafa6dfc83d90",
        "is_secret": false,
        "is_verified": false,
        "line_number": 509,
        "type": "Hex High Entropy String",
        "verified_result": null
      },
      {
        "hashed_secret": "79c8ba0e2b683559db1fa1204b0a947a2fe8d3bc",
        "is_secret": false,
        "is_verified": false,
        "line_number": 527,
        "type": "Secret Keyword",
        "verified_result": null
      },
      {
        "hashed_secret": "e9fe51f94eadabf54dbf2fbbd57188b9abee436e",
        "is_secret": false,
        "is_verified": false,
        "line_number": 555,
        "type": "Secret Keyword",
        "verified_result": null
      },
      {
        "hashed_secret": "ce66b7447d6f80746f10f53783d1e6c5612cfda5",
        "is_secret": false,
        "is_verified": false,
        "line_number": 567,
        "type": "Secret Keyword",
        "verified_result": null
      },
      {
        "hashed_secret": "b6340f437f9d48d53ec1440e7b1224b09d085891",
        "is_secret": false,
        "is_verified": false,
        "line_number": 621,
        "type": "Secret Keyword",
        "verified_result": null
      }
    ],
    "src/ibm_watsonx_orchestrate/docker/default.env": [
      {
        "hashed_secret": "8079b382f3de5dfe29007bdf175fa6cca728fd26",
        "is_secret": false,
        "is_verified": false,
        "line_number": 3,
        "type": "Hex High Entropy String",
        "verified_result": null
      },
      {
        "hashed_secret": "8079b382f3de5dfe29007bdf175fa6cca728fd26",
        "is_secret": false,
        "is_verified": false,
        "line_number": 3,
        "type": "Secret Keyword",
        "verified_result": null
      },
      {
        "hashed_secret": "afc848c316af1a89d49826c5ae9d00ed769415f3",
        "is_secret": false,
        "is_verified": false,
        "line_number": 4,
        "type": "Basic Auth Credentials",
        "verified_result": null
      },
      {
        "hashed_secret": "3aa043be325ebf3301d7d064f8f62a605f2df8af",
        "is_secret": false,
        "is_verified": false,
        "line_number": 11,
        "type": "Secret Keyword",
        "verified_result": null
      },
      {
        "hashed_secret": "de3c6e136f41c84a89b0168cf318d49c6c88bdb1",
        "is_secret": false,
        "is_verified": false,
        "line_number": 25,
        "type": "Secret Keyword",
        "verified_result": null
      },
      {
        "hashed_secret": "68c122d544008b980e1ceeb974607b389aef9134",
        "is_secret": false,
        "is_verified": false,
        "line_number": 39,
        "type": "Secret Keyword",
        "verified_result": null
      },
      {
        "hashed_secret": "8e36a7660e6f139504e31799e31e70f6b35e1585",
        "is_secret": false,
        "is_verified": false,
        "line_number": 41,
        "type": "Secret Keyword",
        "verified_result": null
      },
      {
        "hashed_secret": "a3751173f4b1d25e5f01e1addea614b18ee2abe2",
        "is_secret": false,
        "is_verified": false,
        "line_number": 97,
        "type": "Secret Keyword",
        "verified_result": null
      },
      {
        "hashed_secret": "1357b590996d4cecb94c84fffedc250d6ef4961b",
        "is_secret": false,
        "is_verified": false,
        "line_number": 100,
        "type": "Secret Keyword",
        "verified_result": null
      },
      {
        "hashed_secret": "7e6a3680012346b94b54731e13d8a9ffa3790645",
        "is_secret": false,
        "is_verified": false,
        "line_number": 122,
        "type": "Secret Keyword",
        "verified_result": null
      }
    ],
    "tests/agent_builder/tools/test_openapi_tool.py": [
      {
        "hashed_secret": "d4c3d66fd0c38547a3c7a4c6bdc29c36911bc030",
        "is_secret": false,
        "is_verified": false,
        "line_number": 188,
        "type": "Secret Keyword",
        "verified_result": null
      }
    ],
    "tests/cli/commands/connections/test_connections_command.py": [
      {
        "hashed_secret": "9fb7fe1217aed442b04c0f5e43b5d5a7d3287097",
        "is_secret": false,
        "is_verified": false,
        "line_number": 179,
        "type": "Secret Keyword",
        "verified_result": null
      },
      {
        "hashed_secret": "767ef7376d44bb6e52b390ddcd12c1cb1b3902a4",
        "is_secret": false,
        "is_verified": false,
        "line_number": 181,
        "type": "Secret Keyword",
        "verified_result": null
      },
      {
        "hashed_secret": "1089adfb1f11b95df31344030507912b5abdf57a",
        "is_secret": false,
        "is_verified": false,
        "line_number": 244,
        "type": "Secret Keyword",
        "verified_result": null
      }
    ],
    "tests/cli/commands/environment/test_environment_controller.py": [
      {
        "hashed_secret": "9f9b86e7881d037c28c5adadebe1542a0bd6b636",
        "is_secret": false,
        "is_verified": false,
        "line_number": 11,
        "type": "JSON Web Token",
        "verified_result": null
      },
      {
        "hashed_secret": "d6b66ddd9ea7dbe760114bfe9a97352a5e139134",
        "is_secret": false,
        "is_verified": false,
        "line_number": 12,
        "type": "JSON Web Token",
        "verified_result": null
      },
      {
        "hashed_secret": "5cf0b3a524048c2be72a7c9c4639328780f70c51",
        "is_secret": false,
        "is_verified": false,
        "line_number": 13,
        "type": "JSON Web Token",
        "verified_result": null
      }
    ],
    "tests/cli/commands/models/test_models_controller.py": [
      {
        "hashed_secret": "767ef7376d44bb6e52b390ddcd12c1cb1b3902a4",
        "is_secret": false,
        "is_verified": false,
        "line_number": 668,
        "type": "Secret Keyword",
        "verified_result": null
      }
    ],
    "tests/cli/commands/server/test_server_command.py": [
      {
        "hashed_secret": "3acfb2c2b433c0ea7ff107e33df91b18e52f960f",
        "is_secret": false,
        "is_verified": false,
        "line_number": 199,
        "type": "Secret Keyword",
        "verified_result": null
      }
    ],
    "tests/cli/commands/settings/observability/langfuse/snapshots/snap_test_langfuse_command.py": [
      {
        "hashed_secret": "c900fad2832f2eb3a216b22265025531c4b95a38",
        "is_secret": false,
        "is_verified": false,
        "line_number": 22,
        "type": "Secret Keyword",
        "verified_result": null
      }
    ],
    "tests/cli/commands/settings/observability/langfuse/test_langfuse_command.py": [
      {
        "hashed_secret": "61ba747fe2f5b3d513c40550084c6284fbbc1094",
        "is_secret": false,
        "is_verified": false,
        "line_number": 159,
        "type": "Secret Keyword",
        "verified_result": null
      }
    ],
    "tests/cli/resources/jwt/jwt_missing_fields": [
      {
        "hashed_secret": "d6b66ddd9ea7dbe760114bfe9a97352a5e139134",
        "is_secret": false,
        "is_verified": false,
        "line_number": 1,
        "type": "JSON Web Token",
        "verified_result": null
      }
    ],
    "tests/cli/resources/jwt/jwt_valid": [
      {
        "hashed_secret": "8a8e70f4864dd0eb2881cae60bb2acf605dbf0a0",
        "is_secret": false,
        "is_verified": false,
        "line_number": 1,
        "type": "JSON Web Token",
        "verified_result": null
      }
    ],
    "tests/cli/resources/yaml_samples/sample-connection.yml": [
      {
        "hashed_secret": "cef0f48a18968a7c11be7e70edec41b27dd72bd7",
        "is_secret": false,
        "is_verified": false,
        "line_number": 20,
        "type": "Secret Keyword",
        "verified_result": null
      }
    ],
    "tests/cli/resources/yaml_samples/sample_langfuse_full.yml": [
      {
        "hashed_secret": "c900fad2832f2eb3a216b22265025531c4b95a38",
        "is_secret": false,
        "is_verified": false,
        "line_number": 4,
        "type": "Secret Keyword",
        "verified_result": null
      }
    ],
    "tests/client/resources/credentials.yaml": [
      {
        "hashed_secret": "d6b66ddd9ea7dbe760114bfe9a97352a5e139134",
        "is_secret": false,
        "is_verified": false,
        "line_number": 3,
        "type": "JSON Web Token",
        "verified_result": null
      }
    ],
    "tests/client/test_utils.py": [
      {
        "hashed_secret": "9f9b86e7881d037c28c5adadebe1542a0bd6b636",
        "is_secret": false,
        "is_verified": false,
        "line_number": 38,
        "type": "JSON Web Token",
        "verified_result": null
      },
      {
        "hashed_secret": "d6b66ddd9ea7dbe760114bfe9a97352a5e139134",
        "is_secret": false,
        "is_verified": false,
        "line_number": 39,
        "type": "JSON Web Token",
        "verified_result": null
      },
      {
        "hashed_secret": "5cf0b3a524048c2be72a7c9c4639328780f70c51",
        "is_secret": false,
        "is_verified": false,
        "line_number": 40,
        "type": "JSON Web Token",
        "verified_result": null
      }
    ]
  },
  "version": "0.13.1+ibm.62.dss",
  "word_list": {
    "file": null,
    "hash": null
  }
}
